[   0.000] Initializing cgroup subsys cpuset
[    0.000000] Initializing cgroup subsys cpu
[    0.000000] Initializi cgrousubsy cuacct
[    0.000000] Linux version 4.4.0-170-generic (buildd@lcy01-amd64-019) (gcc version 5.4.0 20160609 (Ubuntu 5.4.0-6ubuntu1~16.04.12) ) #199-Ubuntu SMP Thu Nov 14 01:45:04 UTC 2019 (Ubuntu 4.4.0-170.199-generic 4.4.200)
[    0.000000] Command line: BOOT_IMAGE=/boot/vmlinuz-4.4.0-170-generic root=LABEL=cloudimg-rootfs ro console=tty1 console=ttyS0
[    0.000000] KERNEL supported cpus:
[    0.000000]   Intel GenuineIntel
[    0.000000]   AMD AuthenticAMD
[    0.000000]   Centaur CentaurHauls
[    0.000000] x86/fpu: xstate_offset[2]:  576, xstate_sizes[2]:  256
[    0.000000] x86/fpu: Supporting XSAVE feature 0x01: 'x87 floating point registers'
[    0.000000] x86/fpu: Supporting XSAVE feature 0x02: 'SSE registers'
[    0.000000] x86/fpu: Supporting XSAVE feature 0x04: 'AVX registers'
[    0.000000] x86/fpu: Enabled xstate features 0x7, context size is 832 bytes, using 'standard' format.
[    0.000000] e820: BIOS-provided physical RAM map:
[    0.000000] BIOS-e820: [mem 0x0000000000000000-0x000000000009fbff] usable
[    0.000000] BIOS-e820: [mem 0x000000000009fc00-0x000000000009ffff] reserved
[    0.000000] BIOS-e820: [mem 0x00000000000f0000-0x00000000000fffff] reserved
[    0.000000] BIOS-e820: [mem 0x0000000000100000-0x000000003ffefff] usable
[    0.000000] BIOS-e820: [mem 0x000000003fff0000-0x000000003fffffff] ACPI data
[    0.000000] BIOS-e820: [mem 0x00000000fec00000-0x00000000fec00fff] reserveed
[    0.000000] BIOS-e820: [mem 0x00000000fee00000-0x00000000fee00fff] reserved
[    0.000000] BIOS-e820: [mem 0x00000000fffc0000-0x00000000ffffffff] reserved
[    0.000000] NX (Execute Disable) protection: active
[    0.000000] SMBIOS 2.5 present.
[    0.000000] Hypervisor detected: KVM
[    0.000000] e820: last_pfn = 0x3fff0 max_arch_pfn = 0x400000000
[    0.000000] MTRR: Disabled
[    0.000000] x86/PAT: MTRRs disabled, skipping PAT initialization too.
[    0.000000] CPU MTRRs all blank - virtualized system.
[    0.000000] x86/PAT: Configuration [0-7]: WB  WT  UC- UC  WB  WT  UC- UC  
[    0.000000] found SMP MP-table at [mem 0x0009fff0-0x0009ffff] mapped at [ffff88000009fff0]
[    0.000000] Scanning 1 areas for low memory corruption
[    0.000000] RAMDISK: [mem 0x362f4000-0x37171fff]
[    0.000000] ACPI: Early table checksum verification disabled
[    0.000000] ACPI: RSDP 0x00000000000E0000 000024 (v02 VBOX  )
[    0.000000] ACPI: XSDT 0x000000003FFF0030 00003C (v01 VBOX   VBOXXSDT 00000001 ASL  00000061)
[    0.000000] ACPI: FACP 0x00000003FFF00F0 0000F4 (v04 VBOX   VBOXFACP 00000001 ASL  00000061)
[    0.000000] ACPI: DSDT 0x000000003FFF0470 0021FF (v02 VBOX   VBOXBIOS 00000002 INTL 20100528)
[    0.000000] ACPI: FACS 0x000000003FFF0200 000040
[    0.000000] ACPI: FACS 0x000000003FFF0200 000040
[    0.000000] ACPI: APIC 0x000000003FFF0240 00005C (v02 VBOX   VBOXAPIC 00000001 ASL  00000061)
[    0.000000] ACPI: SSDT 0x000000003FFF02A0 0001CC (v01 VBOX   VBOXCPUT 00000002 INTL 20100528)
[    0.000000] No NUMA configuration found
[    0.000000] Faking a node at [mem 0x0000000000000000-0x000000003ffeffff]
[    0.000000] NODE_DATA(0) allocated [mem 0x3ffeb000-0x3ffeffff]
[    0.000000] kvm-clock: Using msrs 4b564d01 and 4b564d00
[    0.000000] kvm-clock: cpu 0, msr 0:3ffe3001, primary cpu clock
[    0.000000] kvm-clock: using sched offset of 3751414920 cycles
[    0.000000] clocksource: kvm-clock: mask: 0xffffffffffffffff max_cycles: 0x1cd42e4dffb, max_idle_ns: 881590591483 ns
[    0.000000] Zone ranges:
[    0.000000]   DMA      [mem 0x0000000000001000-0x0000000000ffffff]
[    0.000000]   DMA32    [mem 0x0000000001000000-0x000000003ffeffff]
[    0.000000]   Normal   empty
[    0.000000]   Device   empty
[    0.000000] Movable zone start for each node
[    0.000000] Early memory node ranges
[    0.000000]   node   0: [mem 0x0000000000001000-0x000000000009efff]
[    0.000000]   node   0: [mem 0x0000000000100000-0x000000003ffeffff]
[    0.000000] Initmem setup node 0 [mem 0x0000000000001000-0x000000003ffeffff]
[    0.000000] ACPI: PM-Timer IO Port: 0x4008
[    0.000000] IOAPIC[0]: apic_id 2, version 32, address 0xfec00000, GSI 0-23
[    0.000000] ACPI: INT_SRC_OVR (bus 0 bus_irq 0 global_irq 2 dfl dfl)
[    0.000000] ACPI: INT_SRC_OVR (bus 0 bus_irq 9 global_irq 9 low level)
[    0.000000] Using ACPI (MADT) for SMP configuration information
[    0.000000] smpboot: Allowing 2 CPUs, 0 hotplug CPUs
[    0.000000] PM: Registered nosave memory: [mem 0x00000000-0x00000fff]
[    0.000000] PM: Registered nosave memory: [mem 0x0009f000-0x0009ffff]
[    0.000000] PM: Registered nosave memory: [mem 0x000a0000-0x000effff]
[    0.000000] PM: Registered nosave memory: [mem 0x000f0000-0x000fffff]
[    0.000000] e820: [mem 0x40000000-0xfebfffff] available for PCI devices
[    0.000000] Booting paravirtualized kernel on KVM
[    0.000000] clocksource: refined-jiffies: mask: 0xffffffff max_cycles: 0xffffffff, max_idle_ns: 7645519600211568 ns
[    0.000000] setup_percpu: NR_CPUS:512 nr_cpumask_bits:512 nr_cpu_ids:2 nr_node_ids:1
[    0.000000] PERCPU: Embedded 33 pages/cpu @ffff88003fc00000 s95448 r8192 d31528 u1048576
[    0.000000] Built 1 zonelists in Node order, mobility grouping on.  Total pages: 257912
[    0.000000] Policy zone: DMA32
[    0.000000] Kernel command line: BOOT_IMAGE=/boot/vmlinuz-4.4.0-170-generic root=LABEL=cloudimg-rootfs ro console=tty1 console=ttyS0
[    0.000000] PID hash table entries: 4096 (order: 3, 32768 bytes)
[    0.000000] Memory: 997716K/1048120K available (8626K kernel code, 1336K rwdata, 4036K rodata, 1488K init, 1288K bss, 50404K reserved, 0K cma-reserved)
[    0.000000] SLUB: HWalign=64, Order=0-3, MinObjects=0, CPUs=2, Nodes=1
[    0.000000] Kernel/User page tables isolation: enabled
[    0.000000] Hierarchical RCU implementation.
[    0.000000] 	Build-time adjustment of leaf fanout to 64.
[    0.000000] 	RCU restricting CPUs from NR_CPUS=512 to nr_cpu_ids=2.
[    0.000000] RCU: Adjusting geometry for rcu_fanout_leaf=64, nr_cpu_ids=2
[    0.000000] NR_IRQS:33024 nr_irqs:440 16
[    0.000000] Console: colour VGA+ 80x25
[    0.000000] console [tty1] enabled
[    0.000000] console [ttyS0] enabled
[    0.000000] tsc: Detected 2903.998 MHz processor
[    0.585112] Calibrating delay loop (skipped) preset value.. 5807.99 BogoMIPS (lpj=11615992)
[    0.586581] pid_max: default: 32768 minimum: 301
[    0.587381] ACPI: Core revision 20150930
[    0.588874] ACPI: 2 ACPI AML tables successfully acquired and loaded
[    0.590013] Security Framework initialized
[    0.590747] Yama: becoming mindful.
[    0.591416] AppArmor: AppArmor initialized
[    0.592298] Dentry cache hash table entries: 131072 (order: 8, 1048576 bytes)
[    0.595328] Inode-cache hash table entries: 65536 (order: 7, 524288 bytes)
[    0.596474] Mount-cache hash table entries: 2048 (order: 2, 16384 bytes)
[    0.597518] Mountpoint-cache hash table entries: 2048 (order: 2, 16384 bytes)
[    0.598730] Initializing cgroup subsys io
[    0.599593] Initializing cgroup subsys memory
[    0.606887] Initializing cgroup subsys devices
[    0.607896] Initializing cgroup subsys freezer
[    0.609034] Initializing cgroup subsys net_cls
[    0.610116] Initializing cgroup subsys perf_event
[    0.617632] Initializing cgroup subsys net_prio
[    0.618670] Initializing cgroup subsys hugetlb
[    0.619669] Initializing cgroup subsys pids
[    0.622793] mce: CPU supports 0 MCE banks
[    0.623813] Last level iTLB entries: 4KB 64, 2MB 8, 4MB 8
[    0.625124] Last level dTLB entries: 4KB 64, 2MB 0, 4MB 0, 1GB 4
[    0.626425] Spectre V1 : Mitigation: usercopy/swapgs barriers and __user pointer sanitization
[    0.628385] Spectre V2 : Mitigation: Full generic retpoline
[    0.629545] Spectre V2 : Spectre v2 / SpectreRSB mitigation: Filling RSB on context switch
[    0.631404] Speculative Store Bypass: Vulnerable
[    0.632509] MDS: Vulnerable: Clear CPU buffers attempted, no microcode
[    0.637386] Freeing SMP alternatives memory: 36K
[    0.648726] ftrace: allocating 32302 entries in 127 pages
[    0.722150] smpboot: APIC(0) Converting physical 0 to logical package 0
[    0.724024] smpboot: Max logical packages: 1
[    0.725669] x2apic enabled
[    0.726773] Switched APIC routing to physical x2apic.
[    0.729250] ..TIMER: vector=0x30 apic1=0 pin1=2 apic2=-1 pin2=-1
[    0.838837] smpboot: CPU0: Intel(R) Core(TM) i7-7500U CPU @ 2.70GHz (family: 0x6, model: 0x8e, stepping: 0x9)
[    0.848216] Performance Events: unsupported p6 CPU model 142 no PMU driver, software events only.
[    0.889883] KVM setup paravirtual spinlock
[    0.898796] x86: Booting SMP configuration:
[    0.899902] .... node  #0, CPUs:      #1
[    0.900961] kvm-clock: cpu 1, msr 0:3ffe3041, secondary cpu clock
[    0.904327] mce: CPU supports 0 MCE banks
[    0.907134] x86: Booted up 1 node, 2 CPUs
[    0.908434] smpboot: Total of 2 processors activated (11615.99 BogoMIPS)
[    0.910229] devtmpfs: initialized
[    0.913848] evm: security.selinux
[    0.914700] evm: security.SMACK64
[    0.915526] evm: security.SMACK64EXEC
[    0.916412] evm: security.SMACK64TRANSMUTE
[    0.917361] evm: security.SMACK64MMAP
[    0.918246] evm: security.ima
[    0.918974] evm: security.capability
[    0.920116] clocksource: jiffies: mask: 0xffffffff max_cycles: 0xffffffff, max_idle_ns: 7645041785100000 ns
[    0.922298] futex hash table entries: 512 (order: 3, 32768 bytes)
[    0.923714] pinctrl core: initialized pinctrl subsystem
[    0.925052] RTC time: 10:25:27, date: 01/04/20
[    0.926291] NET: Registered protocol family 16
[    0.940842] cpuidle: using governor ladder
[    1.000292] cpuidle: using governor menu
[    1.002423] PCCT header not found.
[    1.004473] ACPI: bus type PCI registered
[    1.006721] acpiphp: ACPI Hot Plug PCI Controller Driver version: 0.5
[    1.010145] PCI: Using configuration type 1 for base access
[    1.025531] ACPI: Added _OSI(Module Device)
[    1.031392] ACPI: Added _OSI(Processor Device)
[    1.033695] ACPI: Added _OSI(3.0 _SCP Extensions)
[    1.042710] ACPI: Added _OSI(Processor Aggregator Device)
[    1.053871] ACPI: Executed 1 blocks of module-level executable AML code
[    1.064037] ACPI: Interpreter enabled
[    1.066566] ACPI: (supports S0 S5)
[    1.068953] ACPI: Using IOAPIC for interrupt routing
[    1.071114] PCI: Using host bridge windows from ACPI; if necessary, use "pci=nocrs" and report a bug
[    1.082696] ACPI: PCI Root Bridge [PCI0] (domain 0000 [bus 00-ff])
[    1.084992] acpi PNP0A03:00: _OSC: OS supports [ASPM ClockPM Segments MSI]
[    1.087404] acpi PNP0A03:00: _OSC: not requesting OS control; OS requires [ExtendedConfig ASPM ClockPM MSI]
[    1.091185] acpi PNP0A03:00: fail to add MMCONFIG information, can't access extended PCI configuration space under this bridge.
[    1.096096] PCI host bridge to bus 0000:00
[    1.104050] pci_bus 0000:00: root bus resource [io  0x0000-0x0cf7 window]
[    1.106441] pci_bus 0000:00: root bus resource [io  0x0d00-0xffff window]
[    1.108361] pci_bus 0000:00: root bus resource [mem 0x000a0000-0x000bffff window]
[    1.204761] pci_bus 0000:00: root bus resource [mem 0x40000000-0xfdffffff window]
[    1.236384] pci_bus 0000:00: root bus resource [bus 00-ff]
[    1.284859] pci 0000:00:01.1: legacy IDE quirk: reg 0x10: [io  0x01f0-0x01f7]
[    1.292187] pci 0000:00:01.1: legacy IDE quirk: reg 0x14: [io  0x03f6]
[    1.293806] pci 0000:00:01.1: legacy IDE quirk: reg 0x18: [io  0x0170-0x0177]
[    1.295287] pci 0000:00:01.1: legacy IDE quirk: reg 0x1c: [io  0x0376]
[    1.338863] pci 0000:00:07.0: quirk: [io  0x4000-0x403f] claimed by PIIX4 ACPI
[    1.347098] pci 0000:00:07.0: quirk: [io  0x4100-0x410f] claimed by PIIX4 SMB
[    1.427563] ACPI: PCI Interrupt Link [LNKA] (IRQs 5 9 10 *11)
[    1.431270] ACPI: PCI Interrupt Link [LNKB] (IRQs 5 9 *10 11)
[    1.440714] ACPI: PCI Interrupt Link [LNKC] (IRQs 5 *9 10 11)
[    1.442927] ACPI: PCI Interrupt Link [LNKD] (IRQs 5 9 10 *11)
[    1.445096] ACPI: Enabled 2 GPEs in block 00 to 07
[    1.446925] vgaarb: setting as boot device: PCI:0000:00:02.0
[    1.448351] vgaarb: device added: PCI:0000:00:02.0,decodes=io+mem,owns=io+mem,locks=none
[    1.450555] vgaarb: loaded
[    1.451354] vgaarb: bridge control possible 0000:00:02.0
[    1.452979] SCSI subsystem initialized
[    1.454415] ACPI: bus type USB registered
[    1.455762] usbcore: registered new interface driver usbfs
[    1.457190] usbcore: registered new interface driver hub
[    1.458531] usbcore: registered new device driver usb
[    1.461284] PCI: Using ACPI for IRQ routing
[    1.463098] NetLabel: Initializing
[    1.464099] NetLabel:  domain hash size = 128
[    1.465201] NetLabel:  protocols = UNLABELED CIPSOv4
[    1.468430] NetLabel:  unlabeled traffic allowed by default
[    1.470220] amd_nb: Cannot enumerate AMD northbridges
[    1.471772] clocksource: Switched to clocksource kvm-clock
[    1.485055] AppArmor: AppArmor Filesystem Enabled
[    1.486924] pnp: PnP ACPI init
[    1.489651] pnp: PnP ACPI: found 3 devices
[    1.505905] clocksource: acpi_pm: mask: 0xffffff max_cycles: 0xffffff, max_idle_ns: 2085701024 ns
[    1.509050] NET: Registered protocol family 2
[    1.510855] TCP established hash table entries: 8192 (order: 4, 65536 bytes)
[    1.513172] TCP bind hash table entries: 8192 (order: 5, 131072 bytes)
[    1.515292] TCP: Hash tables configured (established 8192 bind 8192)
[    1.517129] UDP hash table entries: 512 (order: 2, 16384 bytes)
[    1.519051] UDP-Lite hash table entries: 512 (order: 2, 16384 bytes)
[    1.520943] NET: Registered protocol family 1
[    1.522294] pci 0000:00:00.0: Limiting direct PCI/PCI transfers
[    1.523989] pci 0000:00:01.0: Activating ISA DMA hang workarounds
[    1.525917] Unpacking initramfs...
[    1.859206] Freeing initrd memory: 14840K
[    1.860529] clocksource: tsc: mask: 0xffffffffffffffff max_cycles: 0x29dc03c1beb, max_idle_ns: 440795205215 ns
[    1.863111] platform rtc_cmos: registered platform RTC device (no PNP device found)
[    1.865199] Scanning for low memory corruption every 60 seconds
[    1.867716] audit: initializing netlink subsys (disabled)
[    1.869672] audit: type=2000 audit(1578133532.922:1): initialized
[    1.880080] Initialise system trusted keyring
[    1.881935] HugeTLB registered 2 MB page size, pre-allocated 0 pages
[    1.885795] zbud: loaded
[    1.887007] VFS: Disk quotas dquot_6.6.0
[    1.888127] VFS: Dquot-cache hash table entries: 512 (order 0, 4096 bytes)
[    1.889883] squashfs: version 4.0 (2009/01/31) Phillip Lougher
[    1.891868] fuse init (API version 7.23)
[    1.900310] Key type big_key registered
[    1.901664] Allocating IMA MOK and blacklist keyrings.
[    1.907486] Key type asymmetric registered
[    1.915067] Asymmetric key parser 'x509' registered
[    1.916444] Block layer SCSI generic (bsg) driver version 0.4 loaded (major 249)
[    1.918629] io scheduler noop registered
[    1.944859] io scheduler deadline registered (default)
[    1.946467] io scheduler cfq registered
[    1.947969] pci_hotplug: PCI Hot Plug PCI Core version: 0.5
[    1.949613] pciehp: PCI Express Hot Plug Controller Driver version: 0.4
[    1.951420] ACPI: AC Adapter [AC] (off-line)
[    1.952622] input: Power Button as /devices/LNXSYSTM:00/LNXPWRBN:00/input/input0
[    1.955056] ACPI: Power Button [PWRF]
[    1.956233] input: Sleep Button as /devices/LNXSYSTM:00/LNXSLPBN:00/input/input1
[    1.981475] ACPI: Sleep Button [SLPF]
[    1.988916] GHES: HEST is not enabled!
[    1.989723] ACPI: Battery Slot [BAT0] (battery present)
[    2.001591] Serial: 8250/16550 driver, 32 ports, IRQ sharing enabled
[   2269]00:02: ty a I/O 3f(i = 4baseau= 5200) is a 16550A

[    2.864834] Linux agpgart interface v0.103
[    2.867530] loop: module loaded
[    2.868934] scsi host0: ata_piix
[    2.869883] scsi host1: ata_piix
[    2.870582] ata1: PATA max UDMA/33 cmd 0x1f0 ctl 0x3f6 bmdma 0xd000 irq 14
[    2.886624] ata2: PATA max UDMA/33 cmd 0x170 ctl 0x376 bmdma 0xd008 irq 15
[    2.916182] libphy: Fixed MDIO Bus: probed
[    2.917442] tun: Universal TUN/TAP device driver, 1.6
[    2.918934] tun: (C) 1999-2004 Max Krasnyansky <maxk@qualcomm.com>
[    2.921802] PPP generic driver version 2.4.2
[    2.944308] ehci_hcd: USB 2.0 'Enhanced' Host Controller (EHCI) Driver
[    2.946120] ehci-pci: EHCI PCI platform driver
[    2.947254] ehci-platform: EHCI generic platform driver
[    2.948561] ohci_hcd: USB 1.1 'Open' Host Controller (OHCI) Driver
[    2.950253] ohci-pci: OHCI PCI platform driver
[    2.951463] ohci-platform: OHCI generic platform driver
[    2.953271] uhci_hcd: USB Universal Host Controller Interface driver
[    2.954974] i8042: PNP: PS/2 Controller [PNP0303:PS2K,PNP0f03:PS2M] at 0x60,0x64 irq 1,12
[    2.957911] serio: i8042 KBD port at 0x60,0x64 irq 1
[    2.959134] serio: i8042 AUX port at 0x60,0x64 irq 12
[    2.960348] mousedev: PS/2 mouse device common for all mice
[    2.962677] rtc_cmos rtc_cmos: rtc core: registered rtc_cmos as rtc0
[    2.968197] input: AT Translated Set 2 keyboard as /devices/platform/i8042/serio0/input/input2
[    2.970657] rtc_cmos rtc_cmos: alarms up to one day, 114 bytes nvram
[    2.971971] i2c /dev entries driver
[    2.972863] device-mapper: uevent: version 1.0.3
[    2.973963] device-mapper: ioctl: 4.34.0-ioctl (2015-10-28) initialised: dm-devel@redhat.com
[    2.975807] ledtrig-cpu: registered to indicate activity on CPUs
[    2.978418] NET: Registered protocol family 10
[    2.980359] NET: Registered protocol family 17
[    2.996380] Key type dns_resolver registered
[    3.005196] registered taskstats version 1
[    3.006662] Loading compiled-in X.509 certificates
[    3.009573] Loaded X.509 cert 'Build time autogenerated kernel key: f0e56e97f406068ace47a9bf54316e9855aaaa43'
[    3.012799] zswap: loaded using pool lzo/zbud
[    3.018869] Key type trusted registered
[    3.030578] Key type encrypted registered
[    3.032196] AppArmor: AppArmor sha1 policy hashing enabled
[    3.076291] ima: No TPM chip found, activating TPM-bypass!
[    3.077477] ima: Allocated hash algorithm: sha1
[    3.078511] evm: HMAC attrs: 0x1
[    3.079920]   Magic number: 4:701:425
[    3.080823] rtc_cmos rtc_cmos: setting system clock to 2020-01-04 10:25:29 UTC (1578133529)
[    3.082598] BIOS EDD facility v0.16 2004-Jun-25, 0 devices found
[    3.083771] EDD information not available.
[    3.085895] Freeing unused kernel memory: 1488K
[    3.095892] Write protecting the kernel read-only data: 14336k
[    3.161214] Freeing unused kernel memory: 1604K
[    3.222107] Freeing unused kernel memory: 60K
Loading, please wait...
starting version 229
[    3.258305] random: systemd-udevd: uninitialized urandom read (16 bytes read, 3 bits of entropy available)
[    3.260707] random: udevadm: uninitialized urandom read (16 bytes read, 3 bits of entropy available)
[    3.260754] random: udevadm: uninitialized urandom read (16 bytes read, 3 bits of entropy available)
[    3.286198] random: udevadm: uninitialized urandom read (16 bytes read, 3 bits of entropy available)
[    3.286329] random: udevadm: uninitialized urandom read (16 bytes read, 3 bits of entropy available)
[    3.286850] random: udevadm: uninitialized urandom read (16 bytes read, 3 bits of entropy available)
[    3.287020] random: udevadm: uninitialized urandom read (16 bytes read, 3 bits of entropy available)
[    3.287187] random: udevadm: uninitialized urandom read (16 bytes read, 3 bits of entropy available)
[    3.287350] random: udevadm: uninitialized urandom read (16 bytes read, 3 bits of entropy available)
[    3.287576] random: udevadm: uninitialized urandom read (16 bytes read, 3 bits of entropy available)
[    3.382080] e1000: Intel(R) PRO/1000 Network Driver - version 7.3.21-k8-NAPI
[    3.389777] e1000: Copyright (c) 1999-2006 Intel Corporation.
[    3.391082] Fusion MPT base driver 3.04.20
[    3.392109] Copyright (c) 1999-2008 LSI Corporation
[    3.397854] Fusion MPT SPI Host driver 3.04.20
[    3.419579] AVX2 version of gcm_enc/dec engaged.
[    3.420944] AES CTR mode by8 optimization enabled
[    3.605011] input: ImExPS/2 Generic Explorer Mouse as /devices/platform/i8042/serio1/input/input4
[    3.833510] e1000 0000:00:03.0 eth0: (PCI:33MHz:32-bit) 02:4f:25:6a:cc:77
[    3.877626] e1000 0000:00:03.0 eth0: Intel(R) PRO/1000 Network Connection
[    4.300149] e1000 0000:00:08.0 eth1: (PCI:33MHz:32-bit) 08:00:27:d3:fb:ae
[    4.304955] e1000 0000:00:08.0 eth1: Intel(R) PRO/1000 Network Connection
[    4.307931] mptbase: ioc0: Initiating bringup
[    4.309631] e1000 0000:00:03.0 enp0s3: renamed from eth0
[    4.320602] e1000 0000:00:08.0 enp0s8: renamed from eth1
[    4.392209] ioc0: LSI53C1030 A0: Capabilities={Initiator}
[    5.714023] scsi host2: ioc0: LSI53C1030 A0, FwRev=00000000h, Ports=1, MaxQ=256, IRQ=20
[    6.300805] scsi 2:0:0:0: Direct-Access     VBOX     HARDDISK         1.0  PQ: 0 ANSI: 5
[    6.337695] scsi target2:0:0: Beginning Domain Validation
[    7.246010] scsi target2:0:0: Domain Validation skipping write tests
[    8.777545] scsi target2:0:0: Ending Domain Validation
[    8.779049] scsi target2:0:0: asynchronous
[    9.658963] scsi 2:0:1:0: Direct-Access     VBOX     HARDDISK         1.0  PQ: 0 ANSI: 5
[   10.241644] scsi target2:0:1: Beginning Domain Validation
[   10.256760] scsi target2:0:1: Domain Validation skipping write tests
[   10.258086] scsi target2:0:1: Ending Domain Validation
[   10.259261] scsi target2:0:1: asynchronous
[   10.266592] sd 2:0:0:0: Attached scsi generic sg0 type 0
[   10.267701] sd 2:0:0:0: [sda] 20971520 512-byte logical blocks: (10.7 GB/10.0 GiB)
[   10.269361] sd 2:0:1:0: [sdb] 20480 512-byte logical blocks: (10.5 MB/10.0 MiB)
[   10.270700] sd 2:0:0:0: [sda] Write Protect is off
[   10.270734] sd 2:0:1:0: Attached scsi generic sg1 type 0
[   10.270954] sd 2:0:1:0: [sdb] Write Protect is off
[   10.271030] sd 2:0:1:0: [sdb] Incomplete mode parameter data
[   10.271031] sd 2:0:1:0: [sdb] Assuming drive cache: write through
[   10.289746] sd 2:0:0:0: [sda] Incomplete mode parameter data
[   10.290715] sd 2:0:0:0: [sda] Assuming drive cache: write through
[   10.292626] sd 2:0:1:0: [sdb] Attached SCSI disk
[   10.407134]  sda: sda1
[   10.438718] sd 2:0:0:0: [sda] Attached SCSI disk
Begin: Loading e[   11.924804] md: linear personality registered for level -1
ssential drivers[   12.018483] md: multipath personality registered for level -4
 ... [   12.070331] md: raid0 personality registered for level 0
[   12.089324] md: raid1 personality registered for level 1
[   12.211740] raid6: sse2x1   gen()  5522 MB/s
[   12.356175] raid6: sse2x1   xor()  4666 MB/s
[   12.464576] raid6: sse2x2   gen()  9445 MB/s
[   12.572126] raid6: sse2x2   xor()  5815 MB/s
[   12.708422] raid6: sse2x4   gen() 11031 MB/s
[   12.788487] raid6: sse2x4   xor()  7804 MB/s
[   12.855836] raid6: avx2x1   gen() 13258 MB/s
[   12.992488] raid6: avx2x2   gen() 14824 MB/s
[   13.092667] raid6: avx2x4   gen() 16149 MB/s
[   13.100580] raid6: using algorithm avx2x4 gen() 16149 MB/s
[   13.168938] raid6: using avx2x2 recovery algorithm
[   13.208052] xor: automatically using best checksumming function:
[   13.268007]    avx       : 11031.000 MB/sec
[   13.309652] async_tx: api initialized (async)
[   13.329763] md: raid6 personality registered for level 6
[   13.349781] md: raid5 personality registered for level 5
[   13.404477] md: raid4 personality registered for level 4
[   13.448239] md: raid10 personality registered for level 10
done.
Begin: Running /scripts/init-p[   13.479230] Btrfs loaded
remount ... done.
Begin: Mounting root file system ... Begin: Running /scripts/local-top ... done.
Begin: Running /scripts/local-premount ... Scanning for Btrfs filesystems
done.
Warning: fsck not present, so sk[   13.601084] EXT4-fs (sda1): mounted filesystem with ordered data mode. Opts: (null)
ipping root file system
done.
Begin: Running /scripts/local-bottom ... done.
Begin: Running /scripts/init-bottom ... done.
[   13.822410] systemd[1]: systemd 229 running in system mode. (+PAM +AUDIT +SELINUX +IMA +APPARMOR +SMACK +SYSVINIT +UTMP +LIBCRYPTSETUP +GCRYPT +GNUTLS +ACL +XZ -LZ4 +SECCOMP +BLKID +ELFUTILS +KMOD -IDN)
[   13.854310] systemd[1]: Detected virtualization oracle.
[   13.878288] systemd[1]: Detected architecture x86-64.

Welcome to [1mUbuntu 16.04.6 LTS[0m!

[   13.892566] systemd[1]: Set hostname to <ubuntu>.
[   13.902097] systemd[1]: Initializing machine ID from random generator.
[   13.905683] systemd[1]: Installed transient /etc/machine-id file.
[   14.195543] systemd[1]: Started Trigger resolvconf update for networkd DNS.
[[0;32m  OK  [0m] Started Trigger resolvconf update for networkd DNS.
[   14.320682] systemd[1]: Set up automount Arbitrary Executable File Formats File System Automount Point.
[[0;32m  OK  [0m] Set up automount Arbitrary Executab...ats File System Automount Point.
[   14.409227] systemd[1]: Started Forward Password Requests to Wall Directory Watch.
[[0;32m  OK  [0m] Started Forward Password Requests to Wall Directory Watch.
[   14.465620] systemd[1]: Listening on Journal Socket.
[[0;32m  OK  [0m] Listening on Journal Socket.
[   14.487443] systemd[1]: Listening on /dev/initctl Compatibility Named Pipe.
[[0;32m  OK  [0m] Listening on /dev/initctl Compatibility Named Pipe.
[   14.491123] systemd[1]: Reached target Encrypted Volumes.
[[0;32m  OK  [0m] Reached target Encrypted Volumes.
[   14.499928] systemd[1]: Listening on LVM2 metadata daemon socket.
[[0;32m  OK  [0m] Listening on LVM2 metadata daemon socket.
[   14.536214] systemd[1]: Listening on Syslog Socket.
[[0;32m  OK  [0m] Listening on Syslog Socket.
[   14.620265] systemd[1]: Listening on udev Kernel Socket.
[[0;32m  OK  [0m] Listening on udev Kernel Socket.
[   14.684383] systemd[1]: Listening on Journal Socket (/dev/log).
[[0;32m  OK  [0m] Listening on Journal Socket (/dev/log).
[   14.744550] systemd[1]: Listening on udev Control Socket.
[[0;32m  OK  [0m] Listening on udev Control Socket.
[   14.803125] systemd[1]: Listening on Journal Audit Socket.
[[0;32m  OK  [0m] Listening on Journal Audit Socket.
[   14.860985] systemd[1]: Listening on Device-mapper event daemon FIFOs.
[[0;32m  OK  [0m] Listening on Device-mapper event daemon FIFOs.
[   14.908868] systemd[1]: Reached target System Time Synchronized.
[[0;32m  OK  [0m] Reached target System Time Synchronized.
[   14.950277] systemd[1]: Created slice User and Session Slice.
[[0;32m  OK  [0m] Created slice User and Session Slice.
[   14.956123] systemd[1]: Created slice System Slice.
[[0;32m  OK  [0m] Created slice System Slice.
[   14.976608] systemd[1]: Mounting POSIX Message Queue File System...
         Mounting POSIX Message Queue File System...
[   15.048066] systemd[1]: Starting Monitoring of LVM2 mirrors, snapshots etc. using dmeventd or progress polling...
[   15.056739] random: nonblocking pool is initialized
         Starting Monitoring of LVM2 mirrors... dmeventd or progress polling...
[   15.095703] systemd[1]: Mounting Debug File System...
         Mounting Debug File System...
[   15.136711] systemd[1]: Starting Remount Root and Kernel File Systems...
         Starting Remount[   15.195225] EXT4-fs (sda1): re-mounted. Opts: (null)
 Root and Kernel File Systems...
[   15.284277] systemd[1]: Starting Journal Service...
         Starting Journal Service...
[   15.314356] systemd[1]: Starting Create list of required static device nodes for the current kernel...
         Starting Create list of required st... nodes for the current kernel...
[   15.337550] systemd[1]: Starting Load Kernel Modules...
         Starting Load Kernel Modules...
[   15.348302] systemd[1]: Starting Uncomplicated firewall...
         Starting Uncomplicated firewall...
[   15.356537] systemd[1]: Starting Set console keymap...
[   15.371299] Loading iSCSI transport class v2.0-870.
         Starting Set console keymap...
[   15.378937] systemd[1]: Created slice system-serial\x2dgetty.slice.
[[0;32m  OK  [0m] Created slice system-serial\x2dgetty.slice.
[   15.400223] systemd[1]: Reached target Slices.
[   15.403136] iscsi: registered transport (tcp)
[[0;32m  OK  [0m] Reached target Slices.
[   15.407578] systemd[1]: Reached target User and Group Name Lookups.
[[0;32m  OK  [0m] Reached target User and Group Name Lookups.
[   15.440281] systemd[1]: Mounting Huge Pages File System...
         Mounting Huge Pages File System...
[   15.448305] systemd[1]: Listening on LVM2 poll daemon socket.
[[0;32m  OK  [0m] Listening on LVM2 poll daemon socket.
[   15.452461] systemd[1]: Reached target Swap.
[[0;32m  OK  [0m] Reached target Swap.
[   15.459290] systemd[1]: Starting Nameserver information manager...
         Starting Nameserver information manager...
[   15.466472] systemd[1]: Mounted Debug File System.
[[0;32m  OK  [0m] Mounted Debug File System.
[   15.469876] systemd[1]: Mounted Huge Pages File System.
[[0;32m  OK  [0m] Mounted Huge Pages File System.
[   15.472294] systemd[1]: Mounted POSIX Message Queue File System.
[[0;32m  OK  [0m] Mounted POSIX Message Queue File System.
[   15.476270] systemd[1]: Started Journal Service.
[[0;32m  OK  [0m] Started Journal Service.
[[0;32m  OK  [0m] Started Remount Root and Ker[   15.483024] iscsi: registered transport (iser)
nel File Systems.
[[0;32m  OK  [0m] Started Create list of required sta...ce nodes for the current kernel.
[[0;32m  OK  [0m] Started Uncomplicated firewall.
[[0;32m  OK  [0m] Started Load Kernel Modules.
[[0;32m  OK  [0m] Started Set console keymap.
[[0;32m  OK  [0m] Started Nameserver information manager.
[[0;32m  OK  [0m] Started LVM2 metadata daemon.
         Starting Apply Kernel Variables...
         Mounting FUSE Control File System...
         Starting Create Static Device Nodes in /dev...
         Starting Load/Save Random Seed...
         Starting udev Coldplug all Devices...
         Starting Flush Journal to Persistent Storage...
[[0;32m  OK  [0m] Mounted FUSE Control File System.
[[0;32m  OK  [0m] Started Load/Save Random Seed.
[[0;32m  OK  [0m] Started Apply Kernel Variables.
[[0;32m  OK  [0m] Started Create Static Device Nodes in /dev.
[[0;32m  OK  [0m] Started Monitoring of LVM2 mirrors,...ng dmeventd or progress polling.
[[0;32m  OK  [0m] Started udev Coldplug all Devices.
[[0;32m  OK  [0m] Started Flush Journal to Persistent Storage.
         Starting udev Kernel Device Manager...
[[0;32m  OK  [0m] Reached target Local File Systems (Pre).
[[0;32m  OK  [0m] Reached target Local File Systems.
         Starting LSB: AppArmor initialization...
         Starting Commit a transient machine-id on disk...
         Starting Tell Plymouth To Write Out Runtime Data...
         Starting Initial cloud-init job (pre-networking)...
         Starting Create Volatile Files and Directories...
         Starting Set console font and keymap...
[[0;32m  OK  [0m] Started udev Kernel Device Manager.
[[0;32m  OK  [0m] Started Commit a transient machine-id on disk.
[[0;32m  OK  [0m] Started Tell Plymouth To Write Out Runtime Data.
[[0;32m  OK  [0m] Started Create Volatile Files and Directories.
         Starting Update UTMP about System Boot/Shutdown...
[[0;32m  OK  [0m] Started Dispatch Password Requests to Console Directory Watch.
[[0;32m  OK  [0m] Started Update UTMP about System Boot/Shutdown.
[[0;32m  OK  [0m] Found device /dev/ttyS0.
[[0;32m  OK  [0m] Listening on Load/Save RF Kill Switch Status /dev/rfkill Watch.
[[0;32m  OK  [0m] Started LSB: AppArmor initialization.
[   16.738598] cloud-init[485]: Cloud-init v. 19.2-36-g059d049c-0ubuntu2~16.04.1 running 'init-local' at Sat, 04 Jan 2020 10:25:43 +0000. Up 16.16 seconds.
[[0;32m  OK  [0m] Started Initial cloud-init job (pre-networking).
[[0;32m  OK  [0m] Started Set console font and keymap.
[[0;32m  OK  [0m] Created slice system-getty.slice.
[[0;32m  OK  [0m] Reached target Network (Pre).
         Starting Raise network interfaces...
[[0;32m  OK  [0m] Started Raise network interfaces.
         Starting Initial cloud-init job (metadata service crawler)...
[[0;32m  OK  [0m] Reached target Network.
[   19.063569] cloud-init[953]: Cloud-init v. 19.2-36-g059d049c-0ubuntu2~16.04.1 running 'init' at Sat, 04 Jan 2020 10:25:45 +0000. Up 18.03 seconds.
[   19.082485] cloud-init[953]: ci-info: ++++++++++++++++++++++++++++++++++++++Net device info+++++++++++++++++++++++++++++++++++++++
[   19.161049] cloud-init[953]: ci-info: +--------+-------+----------------------------+---------------+--------+-------------------+
[   19.161643] cloud-init[953]: ci-info: | Device |   Up  |          Address           |      Mask     | Scope  |     Hw-Address    |
[   19.161939] cloud-init[953]: ci-info: +--------+-------+----------------------------+---------------+--------+-------------------+
[   19.162253] cloud-init[953]: ci-info: | enp0s3 |  True |         10.0.2.15          | 255.255.255.0 | global | 02:4f:25:6a:cc:77 |
[   19.162646] cloud-init[953]: ci-info: | enp0s3 |  True | fe80::4f:25ff:fe6a:cc77/64 |       .       |  link  | 02:4f:25:6a:cc:77 |
[   19.162918] cloud-init[953]: ci-info: | enp0s8 | False |             .              |       .       |   .    | 08:00:27:d3:fb:ae |
[   19.163320] cloud-init[953]: ci-info: |   lo   |  True |         127.0.0.1          |   255.0.0.0   |  host  |         .         |
[   19.163662] cloud-init[953]: ci-info: |   lo   |  True |          ::1/128           |       .       |  host  |         .         |
[   19.164005] cloud-init[953]: ci-info: +--------+-------+----------------------------+---------------+--------+-------------------+
[   19.164674] cloud-init[953]: ci-info: +++++++++++++++++++++++++++Route IPv4 info++++++++++++++++++++++++++++
[   19.164972] cloud-init[953]: ci-info: +-------+-------------+----------+---------------+-----------+-------+
[   19.165329] cloud-init[953]: ci-info: | Route | Destination | Gateway  |    Genmask    | Interface | Flags |
[   19.165657] cloud-init[953]: ci-info: +-------+-------------+----------+---------------+-----------+-------+
[   19.165957] cloud-init[953]: ci-info: |   0   |   0.0.0.0   | 10.0.2.2 |    0.0.0.0    |   enp0s3  |   UG  |
[   19.166283] cloud-init[953]: ci-info: |   1   |   10.0.2.0  | 0.0.0.0  | 255.255.255.0 |   enp0s3  |   U   |
[   19.166576] cloud-init[953]: ci-info: +-------+-------------+----------+---------------+-----------+-------+
[   19.167228] cloud-init[953]: ci-info: +++++++++++++++++++Route IPv6 info+++++++++++++++++++
[   19.167519] cloud-init[953]: ci-info: +-------+-------------+---------+-----------+-------+
[   19.167890] cloud-init[953]: ci-info: | Route | Destination | Gateway | Interface | Flags |
[   19.168274] cloud-init[953]: ci-info: +-------+-------------+---------+-----------+-------+
[   19.168503] cloud-init[953]: ci-info: |   0   |  fe80::/64  |    ::   |   enp0s3  |   U   |
[   19.168896] cloud-init[953]: ci-info: |   3   |   ff00::/8  |    ::   |   enp0s3  |   U   |
[   19.169200] cloud-init[953]: ci-info: +-------+-------------+---------+-----------+-------+
[   19.169481] cloud-init[953]: Generating public/private rsa key pair.
[   19.169838] cloud-init[953]: Your identification has been saved in /etc/ssh/ssh_host_rsa_key.
[   19.170150] cloud-init[953]: Your public key has been saved in /etc/ssh/ssh_host_rsa_key.pub.
[   19.170464] cloud-init[953]: The key fingerprint is:
[   19.170780] cloud-init[953]: SHA256:0lOSAi/V/ljWA9xCbVt1eVu8ADN4Ar4VnOACiboTZPk root@ubuntu-xenial
[   19.171218] cloud-init[953]: The key's randomart image is:
[   19.171501] cloud-init[953]: +---[RSA 2048]----+
[   19.171856] cloud-init[953]: |  o.o .++++*.  o+|
[   19.172564] cloud-init[953]: | = ..+o .*=.*...=|
[   19.172951] cloud-init[953]: |+ . ..o+o.+= o. =|
[   19.173313] cloud-init[953]: |o  E ..o+oo +  o |
[   19.173622] cloud-init[953]: | o    ..S=   .   |
[   19.174091] cloud-init[953]: |o      ....      |
[   19.174440] cloud-init[953]: | .               |
[   19.174731] cloud-init[953]: |                 |
[   19.175122] cloud-init[953]: |                 |
[   19.175366] cloud-init[953]: +----[SHA256]-----+
[   19.175663] cloud-init[953]: Generating public/private dsa key pair.
[   19.176156] cloud-init[953]: Your identification has been saved in /etc/ssh/ssh_host_dsa_key.
[   19.176412] cloud-init[953]: Your public key has been saved in /etc/ssh/ssh_host_dsa_key.pub.
[   19.176695] cloud-init[953]: The key fingerprint is:
[   19.177053] cloud-init[953]: SHA256:+kl6x84ysXHqE7Yshz3taohUuggJp3btQaSHQ3iYilk root@ubuntu-xenial
[   19.177590] cloud-init[953]: The key's randomart image is:
[   19.177838] cloud-init[953]: +---[DSA 1024]----+
[   19.178421] cloud-init[953]: |  +              |
[   19.178692] cloud-init[953]: | +Eo .           |
[   19.179018] cloud-init[953]: |ooo +            |
[   19.179330] cloud-init[953]: |= .+ o.          |
[   19.179581] cloud-init[953]: |.+  =o  S        |
[   19.179841] cloud-init[953]: |+. .oo .= .      |
[   19.180679] cloud-init[953]: |...o.oo*.@       |
[   19.180983] cloud-init[953]: |  . o.++#o+      |
[   19.181225] cloud-init[953]: |      .*=X+      |
[   19.181503] cloud-init[953]: +----[SHA256]-----+
[   19.181776] cloud-init[953]: Generating public/private ecdsa key pair.
[   19.182615] cloud-init[953]: Your identification has been saved in /etc/ssh/ssh_host_ecdsa_key.
[   19.182931] cloud-init[953]: Your public key has been saved in /etc/ssh/ssh_host_ecdsa_key.pub.
[   19.183254] cloud-init[953]: The key fingerprint is:
[   19.183543] cloud-init[953]: SHA256:GjqugeXyNgVwm0KM7KD/d0NCNS9ubgLsJUqHud1ic5s root@ubuntu-xenial
[[0;32m  OK  [0m] Started Initial cloud-init job (metadata service crawler).
[   19.908532] cloud-init[953]: The key's randomart image is:
[   19.988964] cloud-init[953]: +---[ECDSA 256]---+
[   19.990067] cloud-init[953]: |+                |
[   19.990625] cloud-init[953]: |++.     o        |
[   19.991924] cloud-init[953]: |=o o   . o       |
[[0;32m  OK  [0m] Reached target Network is Online.
[   19.992539] cloud-init[953]: |o.+   . . .      |
[   20.140906] cloud-init[953]: | o.= ...S.       |
         [   20.152499] cloud-init[953]: | += *.oo+        |
[   20.152617] cloud-init[953]: |o.oOo=.=         |
[   20.152723] cloud-init[953]: | o=oB.=.=        |
[   20.152825] cloud-init[953]: | .o+.=E= .       |
[   20.152910] cloud-init[953]: +----[SHA256]-----+
[   20.152996] cloud-init[953]: Generating public/private ed25519 key pair.
[   20.153082] cloud-init[953]: Your identification has been saved in /etc/ssh/ssh_host_ed25519_key.
[   20.153165] cloud-init[953]: Your public key has been saved in /etc/ssh/ssh_host_ed25519_key.pub.
[   20.153250] cloud-init[953]: The key fingerprint is:
[   20.153457] cloud-init[953]: SHA256:bQkL3xi9lZl4DCk+uwirjKP3Lcb8mFeOCUg8lujcN34 root@ubuntu-xenial
[   20.153562] cloud-init[953]: The key's randomart image is:
[   20.153660] cloud-init[953]: +--[ED25519 256]--+
[   20.153744] cloud-init[953]: |          ..     |
[   20.153828] cloud-init[953]: |        ...+ +   |
[   20.154407] cloud-init[953]: | o .  ..o.o B    |
[   20.154515] cloud-init[953]: |. *    ooB =     |
[   20.154603] cloud-init[953]: |oo.o    So*      |
[   20.154689] cloud-init[953]: | o..oo  o.       |
[   20.154772] cloud-init[953]: |   oo+.* .       |
[   20.154858] cloud-init[953]: |.o. *==Eo        |
[   20.154942] cloud-init[953]: |+oo++++          |
[   20.155028] cloud-init[953]: +----[SHA256]-----+
Starting iSCSI initiator daemon (iscsid)...
[[0;32m  OK  [0m] Reached target Cloud-config availability.
[[0;32m  OK  [0m] Reached target System Initialization.
         Starting LXD - unix socket.
[[0;32m  OK  [0m] Started ACPI Events Check.
[[0;32m  OK  [0m] Reached target Paths.
         Starting Socket activation for snappy daemon.
[[0;32m  OK  [0m] Listening on ACPID Listen Socket.
[[0;32m  OK  [0m] Listening on UUID daemon activation socket.
[[0;32m  OK  [0m] Started Daily apt download activities.
[[0;32m  OK  [0m] Listening on D-Bus System Message Bus Socket.
[[0;32m  OK  [0m] Started Daily Cleanup of Temporary Directories.
[[0;32m  OK  [0m] Started Daily apt upgrade and clean activities.
[[0;32m  OK  [0m] Started Message of the Day.
[[0;32m  OK  [0m] Reached target Timers.
[[0;32m  OK  [0m] Listening on LXD - unix socket.
[[0;32m  OK  [0m] Listening on Socket activation for snappy daemon.
[[0;32m  OK  [0m] Started iSCSI initiator daemon (iscsid).
         Starting Login to default iSCSI targets...
[[0;32m  OK  [0m] Reached target Sockets.
[[0;32m  OK  [0m] Reached target Basic System.
         Starting /etc/rc.local Compatibility...
         Starting System Logging Service...
         Starting Accounts Service...
         Starting Login Service...
         Starting LSB: MD monitoring daemon...
         Starting Virtualbox guest utils...
[[0;32m  OK  [0m] Started FUSE filesystem for LXC.
[[0;32m  OK  [0m] Started Regular background program processing daemon.
         Starting LXD - container startup/shutdown...
         Starting Pollinate to seed the pseudo random number generator...
[[0;32m  OK  [0m] Started Deferred execution scheduler.
[[0;32m  OK  [0m] Started D-Bus System Message Bus.
         Starting Snappy daemon...
         Starting LSB: Record successful boot for GRUB...
[[0;32m  OK  [0m] Started ACPI event daemon.
[[0;32m  OK  [0m] Started System Logging Service.
[[0;32m  OK  [0m] Started /etc/rc.local Compatibility.
[[0;32m  OK  [0m] Started Login to default iSCSI targets.
[[0;32m  OK  [0m] Started LXD - container startup/shutdown.
[[0;32m  OK  [0m] Started LSB: MD monitoring daemon.
[[0;32m  OK  [0m] Started LSB: Record successful boot for GRUB.
[[0;32m  OK  [0m] Started Login Service.
[[0;32m  OK  [0m] Started Unattended Upgrades Shutdown.
         Starting Authenticate and Authorize Users to Run Privileged Tasks...
[[0;32m  OK  [0m] Reached target Remote File Systems (Pre).
[[0;32m  OK  [0m] Reached target Remote File Systems.
         Starting Permit User Sessions...
         Starting LSB: daemon to balance interrupts for SMP systems...
         Starting LSB: automatic crash report generation...
         Starting LSB: Set the CPU Frequency Scaling governor to "ondemand"...
[[0;32m  OK  [0m] Started Snappy daemon.
[[0;32m  OK  [0m] Started Virtualbox guest utils.
[[0;32m  OK  [0m] Started Pollinate to seed the pseudo random number generator.
[[0;32m  OK  [0m] Started Permit User Sessions.
[[0;32m  OK  [0m] Started Authenticate and Authorize Users to Run Privileged Tasks.
[[0;32m  OK  [0m] Started Accounts Service.
         Starting Hold until boot process finishes up...
         Starting Terminate Plymouth Boot Screen...
         Starting OpenBSD Secure Shell server...
         Starting Wait until snapd is fully seeded...
[[0;32m  OK  [0m] Started LSB: daemon to balance interrupts for SMP systems.
[[0;32m  OK  [0m] Started LSB: automatic crash report generation.
[[0;32m  OK  [0m] Started LSB: Set the CPU Frequency Scaling governor to "ondemand".
[[0;32m  OK  [0m] Started Hold until boot process finishes up.
[[0;32m  OK  [0m] Started Terminate Plymouth Boot Screen.
[[0;32m  OK  [0m] Started OpenBSD Secure Shell server.
[[0;32m  OK  [0m] Started Getty on tty1.
[[0;32m  OK  [0m] Started Serial Getty on ttyS0.
[[0;32m  OK  [0m] Reached target Login Prompts.
         Starting Set console scheme...
[[0;32m  OK  [0m] Started Set console scheme.
[[0;32m  OK  [0m] Started Wait until snapd is fully seeded.
         Starting Apply the settings specified in cloud-config...
[[0;32m  OK  [0m] Reached target Multi-User System.
[[0;32m  OK  [0m] Reached target Graphical Interface.
         Starting Update UTMP about System Runlevel Changes...
[[0;32m  OK  [0m] Started Update UTMP about System Runlevel Changes.
[   24.424910] cloud-init[1309]: Generating locales (this might take a while)...
[   25.521761] cloud-init[1309]:   en_US.UTF-8... done
[   25.582456] cloud-init[1309]: Generation complete.
[[0;32m  OK  [0m] Created slice User Slice of vagrant.
[   26.218560] cloud-init[1309]: Cloud-init v. 19.2-36-g059d049c-0ubuntu2~16.04.1 running 'modules:config' at Sat, 04 Jan 2020 10:25:51 +0000. Up 24.29 seconds.
         Starting User Manager for UID 1000...
[[0;32m  OK  [0m] Started Session 1 of user vagrant.
[[0;32m  OK  [0m] Started User Manager for UID 1000.
[[0;32m  OK  [0m] Started Apply the settings specified in cloud-config.
         Starting Execute cloud user/final scripts...
ci-info: no authorized ssh keys fingerprints found for user ubuntu.
<14>Jan  4 10:25:54 ec2: 
<14>Jan  4 10:25:54 ec2: #############################################################
<14>Jan  4 10:25:54 ec2: -----BEGIN SSH HOST KEY FINGERPRINTS-----
<14>Jan  4 10:25:54 ec2: 1024 SHA256:+kl6x84ysXHqE7Yshz3taohUuggJp3btQaSHQ3iYilk root@ubuntu-xenial (DSA)
<14>Jan  4 10:25:54 ec2: 256 SHA256:GjqugeXyNgVwm0KM7KD/d0NCNS9ubgLsJUqHud1ic5s root@ubuntu-xenial (ECDSA)
<14>Jan  4 10:25:54 ec2: 256 SHA256:bQkL3xi9lZl4DCk+uwirjKP3Lcb8mFeOCUg8lujcN34 root@ubuntu-xenial (ED25519)
<14>Jan  4 10:25:54 ec2: 2048 SHA256:0lOSAi/V/ljWA9xCbVt1eVu8ADN4Ar4VnOACiboTZPk root@ubuntu-xenial (RSA)
<14>Jan  4 10:25:54 ec2: -----END SSH HOST KEY FINGERPRINTS-----
<14>Jan  4 10:25:54 ec2: #############################################################
-----BEGIN SSH HOST KEY KEYS-----
ecdsa-sha2-nistp256 AAAAE2VjZHNhLXNoYTItbmlzdHAyNTYAAAAIbmlzdHAyNTYAAABBBMg8IBkNY2GX5/e4ot0PkT1qegwo0nae3ioYJhrITCE1zW7lb6Ltp0eKqlvwl69SV8v5qW383xywgtpIP9G0t5w= root@ubuntu-xenial
ssh-ed25519 AAAAC3NzaC1lZDI1NTE5AAAAINMLUiYj2IZhi35BM0GEC1p1APa2yVfOAWGP95ZrayMv root@ubuntu-xenial
ssh-rsa AAAAB3NzaC1yc2EAAAADAQABAAABAQDVTXWrdlT4wvn1LX/Ij5SKBLJ+n2+oziHBg7i2W7+YLLMy3B/afdvYEnOrdwIP1N722oijuSSRv7My8cjkvTPDawl0UG7zBx6FTJgyuJkGRsZBRloDU2osTPWCPSUixoVJc6njDp+eSercytMGL50iwGuqBVRY3MTQUX8/ZyM7oPLmaJRbfb2sNgfR8pxFco6ZTL514kDUk81hMQD+nQLVr9yeNQcVGgFsQ5irA4bhyyCh4QrLi6IaZVIHQh9vS8OmBp9APWkDrhpSSq069maEhrnpAhW/ZhSt7D6Dmd5gzfXvKNvYVuUnX5cIIANxH8VDTZYoOC65LTpc3AKyXgJN root@ubuntu-xenial
-----END SSH HOST KEY KEYS-----
[   27.187353] cloud-init[1361]: Cloud-init v. 19.2-36-g059d049c-0ubuntu2~16.04.1 running 'modules:final' at Sat, 04 Jan 2020 10:25:54 +0000. Up 26.77 seconds.
[   27.208941] cloud-init[1361]: ci-info: no authorized ssh keys fingerprints found for user ubuntu.
[   27.210441] cloud-init[1361]: Cloud-init v. 19.2-36-g059d049c-0ubuntu2~16.04.1 finished at Sat, 04 Jan 2020 10:25:54 +0000. Datasource DataSourceNoCloud [seed=/dev/sdb][dsmode=net].  Up 27.17 seconds
[[0;32m  OK  [0m] Started Execute cloud user/final scripts.
[[0;32m  OK  [0m] Reached target Cloud-init target.

Ubuntu 16.04.6 LTS ubuntu-xenial ttyS0

ubuntu-xenial login: 